------------------------------------------------------------
TimeQuest Timing Analyzer Summary
------------------------------------------------------------

Type  : Slow Model Setup 'MOUSE:m|clock_mouse_FILTER'
Slack : -2.744
TNS   : -41.985

Type  : Slow Model Setup 'CLOCK_24[0]'
Slack : -0.437
TNS   : -0.437

Type  : Slow Model Setup 'pll|altpll_component|pll|clk[0]'
Slack : 8.635
TNS   : 0.000

Type  : Slow Model Hold 'CLOCK_24[0]'
Slack : -2.697
TNS   : -2.697

Type  : Slow Model Hold 'MOUSE:m|clock_mouse_FILTER'
Slack : 0.445
TNS   : 0.000

Type  : Slow Model Hold 'pll|altpll_component|pll|clk[0]'
Slack : 0.445
TNS   : 0.000

Type  : Slow Model Recovery 'MOUSE:m|clock_mouse_FILTER'
Slack : -2.182
TNS   : -33.172

Type  : Slow Model Removal 'MOUSE:m|clock_mouse_FILTER'
Slack : 1.762
TNS   : 0.000

Type  : Slow Model Minimum Pulse Width 'MOUSE:m|clock_mouse_FILTER'
Slack : -0.611
TNS   : -19.552

Type  : Slow Model Minimum Pulse Width 'pll|altpll_component|pll|clk[0]'
Slack : 17.276
TNS   : 0.000

Type  : Slow Model Minimum Pulse Width 'CLOCK_24[0]'
Slack : 19.722
TNS   : 0.000

Type  : Fast Model Setup 'MOUSE:m|clock_mouse_FILTER'
Slack : -1.250
TNS   : -19.275

Type  : Fast Model Setup 'CLOCK_24[0]'
Slack : -0.094
TNS   : -0.094

Type  : Fast Model Setup 'pll|altpll_component|pll|clk[0]'
Slack : 27.675
TNS   : 0.000

Type  : Fast Model Hold 'CLOCK_24[0]'
Slack : -1.725
TNS   : -1.749

Type  : Fast Model Hold 'MOUSE:m|clock_mouse_FILTER'
Slack : 0.215
TNS   : 0.000

Type  : Fast Model Hold 'pll|altpll_component|pll|clk[0]'
Slack : 0.215
TNS   : 0.000

Type  : Fast Model Recovery 'MOUSE:m|clock_mouse_FILTER'
Slack : -1.102
TNS   : -16.902

Type  : Fast Model Removal 'MOUSE:m|clock_mouse_FILTER'
Slack : 0.911
TNS   : 0.000

Type  : Fast Model Minimum Pulse Width 'MOUSE:m|clock_mouse_FILTER'
Slack : -0.500
TNS   : -16.000

Type  : Fast Model Minimum Pulse Width 'pll|altpll_component|pll|clk[0]'
Slack : 17.713
TNS   : 0.000

Type  : Fast Model Minimum Pulse Width 'CLOCK_24[0]'
Slack : 19.833
TNS   : 0.000

------------------------------------------------------------
